
> credit-card-tracker@0.1.0 dev
> vite --host 127.0.0.1 --port 5173


  [32m[1mVITE[22m v7.3.3[39m  [2mready in [0m[1m213[22m[2m[0m ms[22m

  [32m➜[39m  [1mLocal[22m:   [36mhttp://127.0.0.1:[1m5173[22m/[39m
[2m8:57:18 AM[22m [36m[1m[vite][22m[39m [90m[2m(client)[22m[39m [32mhmr update [39m[2m/src/styles/index.css, /src/features/creditCards/components/CreditLimitSummary.jsx, /src/features/creditCards/components/MonthlyBalanceGraph.jsx, /src/features/creditCards/components/CreditCardForm.jsx, /src/features/creditCards/components/CreditCardList.jsx, /src/features/creditCards/components/MonthlyBalanceTable.jsx[22m
[2m8:57:18 AM[22m [36m[1m[vite][22m[39m [90m[2m(client)[22m[39m [32mhmr update [39m[2m/src/styles/index.css, /src/features/creditCards/components/MonthlyBalanceTable.jsx[22m
[2m8:57:28 AM[22m [36m[1m[vite][22m[39m [90m[2m(client)[22m[39m [32mhmr update [39m[2m/src/features/creditCards/components/CreditCardForm.jsx, /src/styles/index.css[22m
[2m8:57:51 AM[22m [36m[1m[vite][22m[39m [90m[2m(client)[22m[39m [32mhmr update [39m[2m/src/features/creditCards/components/CreditCardList.jsx, /src/styles/index.css[22m
[2m8:58:31 AM[22m [36m[1m[vite][22m[39m [90m[2m(client)[22m[39m [32mhmr update [39m[2m/src/features/creditCards/components/MonthlyBalanceTable.jsx, /src/styles/index.css[22m
[2m9:01:49 AM[22m [36m[1m[vite][22m[39m [90m[2m(client)[22m[39m [32mhmr update [39m[2m/src/styles/index.css, /src/components/ui/Input.jsx[22m
[2m9:01:49 AM[22m [36m[1m[vite][22m[39m [90m[2m(client)[22m[39m [32mhmr update [39m[2m/src/styles/index.css, /src/components/ui/Select.jsx[22m
[2m9:01:49 AM[22m [36m[1m[vite][22m[39m [90m[2m(client)[22m[39m [32mhmr update [39m[2m/src/features/creditCards/components/CreditCardForm.jsx, /src/styles/index.css[22m
[2m9:03:01 AM[22m [36m[1m[vite][22m[39m [90m[2m(client)[22m[39m [32mhmr update [39m[2m/src/styles/index.css, /src/features/creditCards/components/CreditLimitSummary.jsx, /src/features/creditCards/components/MonthlyBalanceGraph.jsx, /src/features/creditCards/components/CreditCardForm.jsx, /src/features/creditCards/components/CreditCardList.jsx, /src/features/creditCards/components/MonthlyBalanceTable.jsx[22m
[2m9:03:01 AM[22m [36m[1m[vite][22m[39m [90m[2m(client)[22m[39m [32mhmr update [39m[2m/src/styles/index.css, /src/features/creditCards/components/MonthlyBalanceTable.jsx[22m
[2m9:03:01 AM[22m [36m[1m[vite][22m[39m [90m[2m(client)[22m[39m [32mhmr update [39m[2m/src/features/creditCards/components/CreditCardForm.jsx, /src/styles/index.css[22m
[2m9:03:01 AM[22m [36m[1m[vite][22m[39m [90m[2m(client)[22m[39m [32mhmr update [39m[2m/src/features/creditCards/components/CreditCardList.jsx, /src/styles/index.css[22m
[2m9:03:01 AM[22m [36m[1m[vite][22m[39m [90m[2m(client)[22m[39m [32mhmr update [39m[2m/src/features/creditCards/components/MonthlyBalanceTable.jsx, /src/styles/index.css[22m
[2m9:08:05 AM[22m [36m[1m[vite][22m[39m [90m[2m(client)[22m[39m [32mhmr update [39m[2m/src/styles/index.css, /src/components/shared/LinkedCardName.jsx[22m
[2m9:09:23 AM[22m [36m[1m[vite][22m[39m [90m[2m(client)[22m[39m [32mhmr update [39m[2m/src/features/creditCards/components/CreditCardList.jsx, /src/styles/index.css[22m
[2m9:09:23 AM[22m [36m[1m[vite][22m[39m [90m[2m(client)[22m[39m [32mhmr update [39m[2m/src/features/creditCards/components/MonthlyBalanceTable.jsx, /src/styles/index.css[22m
[2m9:10:40 AM[22m [36m[1m[vite][22m[39m [90m[2m(client)[22m[39m [32mhmr update [39m[2m/src/features/creditCards/components/CreditCardForm.jsx, /src/styles/index.css[22m
[2m9:11:36 AM[22m [36m[1m[vite][22m[39m [90m[2m(client)[22m[39m [32mhmr update [39m[2m/src/components/shared/NetworkIcon.jsx, /src/styles/index.css[22m
[2m9:12:31 AM[22m [36m[1m[vite][22m[39m [90m[2m(client)[22m[39m [32mhmr update [39m[2m/src/features/creditCards/components/CreditCardList.jsx, /src/styles/index.css[22m
[2m9:12:31 AM[22m [36m[1m[vite][22m[39m [90m[2m(client)[22m[39m [32mhmr update [39m[2m/src/features/creditCards/components/MonthlyBalanceTable.jsx, /src/styles/index.css[22m
[2m9:12:31 AM[22m [36m[1m[vite][22m[39m [90m[2m(client)[22m[39m [32mpage reload [39m[2msrc/components/shared/NetworkIcon.jsx[22m
[2m9:30:00 AM[22m [36m[1m[vite][22m[39m [90m[2m(client)[22m[39m [32mhmr update [39m[2m/src/app/App.jsx, /src/features/creditCards/components/CreditLimitSummary.jsx, /src/features/creditCards/components/MonthlyBalanceGraph.jsx, /src/features/creditCards/components/CreditCardForm.jsx, /src/features/creditCards/components/CreditCardList.jsx, /src/features/creditCards/components/MonthlyBalanceTable.jsx, /src/styles/index.css[22m
[2m9:30:05 AM[22m [36m[1m[vite][22m[39m [90m[2m(client)[22m[39m [32mhmr update [39m[2m/src/app/App.jsx, /src/styles/index.css[22m
[2m9:32:16 AM[22m [36m[1m[vite][22m[39m [90m[2m(client)[22m[39m [32mhmr update [39m[2m/src/app/App.jsx, /src/features/creditCards/components/CreditLimitSummary.jsx, /src/features/creditCards/components/MonthlyBalanceGraph.jsx, /src/features/creditCards/components/CreditCardForm.jsx, /src/features/creditCards/components/CreditCardList.jsx, /src/features/creditCards/components/MonthlyBalanceTable.jsx, /src/features/backup/components/BackupPanel.jsx, /src/styles/index.css[22m
[2m9:32:16 AM[22m [36m[1m[vite][22m[39m [90m[2m(client)[22m[39m [32mhmr update [39m[2m/src/styles/index.css[22m
[2m9:32:16 AM[22m [36m[1m[vite][22m[39m [90m[2m(client)[22m[39m [32mhmr update [39m[2m/src/styles/index.css[22m
[2m9:32:16 AM[22m [36m[1m[vite][22m[39m [90m[2m(client)[22m[39m [32mhmr update [39m[2m/src/styles/index.css[22m
[2m9:32:28 AM[22m [36m[1m[vite][22m[39m [90m[2m(client)[22m[39m [32mhmr update [39m[2m/src/app/App.jsx, /src/styles/index.css[22m
[2m9:32:28 AM[22m [36m[1m[vite][22m[39m [90m[2m(client)[22m[39m [32mhmr update [39m[2m/src/styles/index.css, /src/features/backup/components/BackupPanel.jsx[22m
[2m9:32:36 AM[22m [36m[1m[vite][22m[39m [90m[2m(client)[22m[39m [32mhmr update [39m[2m/src/styles/index.css, /src/features/backup/components/BackupPanel.jsx[22m
[2m9:35:53 AM[22m [36m[1m[vite][22m[39m [90m[2m(client)[22m[39m [32mhmr update [39m[2m/src/components/layout/AppShell.jsx, /src/styles/index.css[22m
[2m9:36:09 AM[22m [36m[1m[vite][22m[39m [90m[2m(client)[22m[39m [32mhmr update [39m[2m/src/app/App.jsx, /src/styles/index.css[22m
[2m9:36:13 AM[22m [36m[1m[vite][22m[39m [90m[2m(client)[22m[39m [32mhmr update [39m[2m/src/styles/index.css, /src/features/backup/components/BackupPanel.jsx[22m
